// Jest Snapshot v1, https://goo.gl/fbAQLP

exports[`VideoPlayer correctly renders after relaunch 1`] = `
<video
  className="player__video"
  onMouseLeave={[Function]}
  onMouseOver={[Function]}
  poster="aviator.jpg"
  type="video/mp4"
>
  <source
    src="https://test-videos.co.uk/vids/bigbuckbunny/mp4/h264/360/Big_Buck_Bunny_360_10s_1MB.mp4
"
  />
</video>
`;
